---
source: tests/parity_realtime.rs
expression: "render_realtime(&report, &ctx)"
---
 [90m╭───[0m[1m[36m CLAUDE CODE USAGE MONITOR [0m[90m─────────────────────────╮[0m
 [90m│[0m [37mpro[0m [90m·[0m [90mUTC[0m [90m·[0m [32m◉ active[0m                                  [90m│[0m
 [90m╰───────────────────────────────────────────────────────╯[0m

   [37mTokens[0m      [32m[90m╌╌╌╌╌╌╌╌╌╌╌╌╌╌╌╌╌╌╌╌╌╌╌╌╌╌[0m [97m  0.0%[0m   [97m12[0m / [90m44,000[0m
   [90m  in 8  out 4[0m
   [37mCost[0m        [32m[90m╌╌╌╌╌╌╌╌╌╌╌╌╌╌╌╌╌╌╌╌╌╌╌╌╌╌[0m [97m  0.0%[0m   [97m$0.01[0m
   [37mMessages[0m    [32m━[90m╌╌╌╌╌╌╌╌╌╌╌╌╌╌╌╌╌╌╌╌╌╌╌╌╌[0m [97m  2.2%[0m   [97m1[0m / [90m45[0m

 [90m─────────────────────────────────────────────────────────[0m

   [37mTime Left[0m   [33m━━━━━━━━━━━━━[90m╌╌╌╌╌╌╌╌╌╌╌╌╌[0m           [97m2h 30m[0m
   [37mModels[0m      [33m━━━━━━━━━━━━━━━━━━━━━━━━━━[0m  [90msonnet 100%[0m

 [90m─────────────────────────────────────────────────────────[0m

   [90m⚡[0m [37mBurn[0m        [97m0.1 tok/min[0m        [90m$[0m [37mRate[0m    [97m$0.0001/min[0m
   [90m⏱[0m [37mResets[0m      [97m2026-03-14 17:00 UTC[0m

   [37mCost by Model[0m
     [90msonnet            [0m [97m$0.0100[0m

 [90m─────────────────────────────────────────────────────────[0m
   [32m◉[0m [90mActive session · Ctrl+C to exit[0m
