---
source: tests/parity_tables.rs
expression: output
---
20 input · 0 output · $0.0100 · 1 messages

 [1m[36mmonthly usage[0m
 [90m─────────────────────────────────────────────────────────[0m
   [90mDate               Input    Output       Cost    Models[0m
   [90m────────────── ───────── ───────── ──────────    ──────────────[0m
   [97m2026-03       [0m [97m       20[0m [97m        0[0m [97m   $0.0100[0m    [90msonnet[0m
